=== Challenge 3 Analysis Started ===
Job ID: 12
Results Directory: sqanti_results/12
Started at: 2025-10-29T14:33:35.043621
Organism: mouse
Platform: PacBio
Tool: test
Library Preparation: cDNA
Data Category: NA
Dataset 2: False
==================================================

Executing command:
python lrgasp_event2_metrics/sqanti3_lrgasp.challenge3.py sqanti_results/12/results_file1/gencode.vM38.pc_transcripts.fa mouse PacBio cDNA test NA LRGASP_DATA LRGASP_DATA LRGASP_DATA LRGASP_DATA NA PacBio cDNA NA LRGASP_DATA LRGASP_DATA LRGASP_DATA LRGASP_DATA NA NA NA NA NA NA NA NA NA NA NA

==================================================
Script Output:
==================================================

INFO:__main__:This is an info message sqanti
ERROR:__main__:This is an error message sqanti
Hello world sqanti
Hello world sqanti
STATUS: Importing Modules...
Rscript (R) version 4.5.1 (2025-06-13)
usage: sqanti3_lrgasp.challenge3.py [-h] [--dataset2]
                                    [--min_ref_len MIN_REF_LEN]
                                    [--force_id_ignore]
                                    [--aligner_choice {minimap2,deSALT,gmap}]
                                    [--cage_peak CAGE_PEAK]
                                    [--polyA_motif_list POLYA_MOTIF_LIST]
                                    [--polyA_peak POLYA_PEAK]
                                    [--phyloP_bed PHYLOP_BED] [--skipORF]
                                    [--is_fusion] [--orf_input ORF_INPUT] [-g]
                                    [-e EXPRESSION] [-x GMAP_INDEX] [-t CPUS]
                                    [-n CHUNKS] [-o OUTPUT] [-d DIR]
                                    [-c COVERAGE] [-s SITES] [-w WINDOW]
                                    [--genename] [-fl FL_COUNT] [-v]
                                    [--isoAnnotLite] [--gff3 GFF3]
                                    [--experiment_json EXPERIMENT_JSON]
                                    [--entry_json ENTRY_JSON]
                                    isoforms organism platform lib_prep tool
                                    data_cat annotation genome coverage
                                    coverage_dir isoforms2 platform2 lib_prep2
                                    data_cat2 anno_2 ref_2 cov_2 cov_dir_2
                                    comparison comp_Bambu comp_RNA_Bloom
                                    comp_rnaSPAdes comp_StringTie2_IsoQuant
                                    sirv_list ercc_list sequin_list sirv_list2
                                    ercc_list2 sequin_list2 job_id
sqanti3_lrgasp.challenge3.py: error: the following arguments are required: job_id
GTF2GENEPRED_PROG is:  /home/julen/longbench/LongTREC_LRGASP_Platform/lrgasp_event2_metrics/utilities/gtfToGenePred

==================================================
Script finished with return code: 2

==================================================
=== ERROR ===
Error in job 12: Script exited with code 2
==================================================
