=== Challenge 1 Analysis Started ===
Job ID: 16
Results Directory: sqanti_results/16
Started at: 2025-10-30T10:41:51.284175
Organism: mouse
Platform: PacBio
Tool: testc1
Library Preparation: cDNA
Data Category: NA
==================================================

Executing command:
python lrgasp_event2_metrics/sqanti3_lrgasp.challenge1.py mouse uploads/job_16/transcriptome_file1/subset_4000.fa LRGASP_DATA LRGASP_DATA default NA LRGASP_DATA LRGASP_DATA LRGASP_DATA PacBio cDNA testc1 NA NA NA NA NA NA NA NA NA NA NA NA NA NA NA NA NA NA NA NA NA LRGASP_DATA LRGASP_DATA LRGASP_DATA NA NA NA NA NA NA --gtf

==================================================
Script Output:
==================================================

CHALLENGE 1 BEGINT SLETJESSS
Traceback (most recent call last):
  File "/home/julen/longbench/LongTREC_LRGASP_Platform/lrgasp_event2_metrics/sqanti3_lrgasp.challenge1.py", line 21, in <module>
    from scipy import mean
ImportError: cannot import name 'mean' from 'scipy' (/home/julen/anaconda3/envs/longbench/lib/python3.10/site-packages/scipy/__init__.py)

==================================================
Script finished with return code: 1

==================================================
=== ERROR ===
Error in job 16: Script exited with code 1
==================================================
