=== Challenge 1 Analysis Started ===
Job ID: 23
Results Directory: sqanti_results/23
Started at: 2025-10-30T11:33:31.530609
Organism: mouse
Platform: PacBio
Tool: testc1
Library Preparation: cDNA
Data Category: NA
==================================================

Executing command:
python 23 lrgasp_event2_metrics/sqanti3_lrgasp.challenge1.py mouse sqanti_results/23/results_file1/gencode.vM38.annotation.gtf LRGASP_DATA LRGASP_DATA default NA LRGASP_DATA LRGASP_DATA LRGASP_DATA PacBio cDNA testc1 NA NA NA NA NA NA NA NA NA NA NA NA NA NA NA NA NA NA NA NA NA LRGASP_DATA LRGASP_DATA LRGASP_DATA NA NA NA NA NA NA --gtf

==================================================
Script Output:
==================================================

python: can't open file '/home/julen/longbench/LongTREC_LRGASP_Platform/23': [Errno 2] No such file or directory

==================================================
Script finished with return code: 2

==================================================
=== ERROR ===
Error in job 23: Script exited with code 2
==================================================
