=== Challenge 1 Analysis Started ===
Job ID: 24
Results Directory: sqanti_results/24
Started at: 2025-10-30T11:41:02.622172
Organism: mouse
Platform: PacBio
Tool: testc2
Library Preparation: cDNA
Data Category: NA
==================================================

Executing command:
python lrgasp_event2_metrics/sqanti3_lrgasp.challenge1.py 24 mouse sqanti_results/24/results_file1/gencode.vM38.annotation.gtf LRGASP_DATA LRGASP_DATA default NA LRGASP_DATA LRGASP_DATA LRGASP_DATA PacBio cDNA testc2 NA NA NA NA NA NA NA NA NA NA NA NA NA NA NA NA NA NA NA NA NA LRGASP_DATA LRGASP_DATA LRGASP_DATA NA NA NA NA NA NA --gtf

==================================================
Script Output:
==================================================

/home/julen/longbench/LongTREC_LRGASP_Platform/lrgasp_event2_metrics/sqanti3_lrgasp.challenge1.py:87: DeprecationWarning: Use shutil.which instead of find_executable
  if distutils.spawn.find_executable(GTF2GENEPRED_PROG) is None:
/home/julen/longbench/LongTREC_LRGASP_Platform/lrgasp_event2_metrics/sqanti3_lrgasp.challenge1.py:90: DeprecationWarning: Use shutil.which instead of find_executable
  if distutils.spawn.find_executable(GFFREAD_PROG) is None:
/home/julen/longbench/LongTREC_LRGASP_Platform/lrgasp_event2_metrics/sqanti3_lrgasp.challenge1.py:122: DeprecationWarning: Use shutil.which instead of find_executable
  RSCRIPTPATH = distutils.spawn.find_executable('Rscript')
Rscript (R) version 4.5.1 (2025-06-13)
ERROR: genome fasta ../../LONGTrec_LRGASP_Platform/lrgasp_grcm39_sirvs.fasta doesn't exist. Abort!
CHALLENGE 1 BEGINT SLETJESSS
Utilites: /home/julen/longbench/LongTREC_LRGASP_Platform/lrgasp_event2_metrics/utilities_ch1
dataset 2: False
WARNING: Experiment JSON wasn't provided. A fake one will be used (you can find it in utilities/experiment_dummy.json. This won't have an effect on the evaluation, but you will find the made-up attributes in your report titles.
WARNING: Entry JSON wasn't provided. A fake one will be used (you can find it in utilities/entry_dummy.json. This won't have an effect on the evaluation, but you will find the made-up attributes in your report titles.
INPUT args.genome: LRGASP_DATA
Organism c1 script: mouse

==================================================
Script finished with return code: 0

==================================================
=== ERROR ===
Error in job 24: No HTML report found in sqanti_results/24/results_file1/
==================================================
