=== Challenge 1 Analysis Started ===
Job ID: 26
Results Directory: sqanti_results/26
Started at: 2025-10-30T11:52:18.993044
Organism: mouse
Platform: PacBio
Tool: t
Library Preparation: cDNA
Data Category: NA
==================================================

Executing command:
python lrgasp_event2_metrics/sqanti3_lrgasp.challenge1.py 26 mouse sqanti_results/26/results_file1/gencode.vM38.annotation.gtf LRGASP_DATA LRGASP_DATA default NA LRGASP_DATA LRGASP_DATA LRGASP_DATA PacBio cDNA t NA NA NA NA NA NA NA NA NA NA NA NA NA NA NA NA NA NA NA NA NA LRGASP_DATA LRGASP_DATA LRGASP_DATA NA NA NA NA NA NA --gtf

==================================================
Script Output:
==================================================

/home/julen/longbench/LongTREC_LRGASP_Platform/lrgasp_event2_metrics/sqanti3_lrgasp.challenge1.py:87: DeprecationWarning: Use shutil.which instead of find_executable
  if distutils.spawn.find_executable(GTF2GENEPRED_PROG) is None:
/home/julen/longbench/LongTREC_LRGASP_Platform/lrgasp_event2_metrics/sqanti3_lrgasp.challenge1.py:90: DeprecationWarning: Use shutil.which instead of find_executable
  if distutils.spawn.find_executable(GFFREAD_PROG) is None:
/home/julen/longbench/LongTREC_LRGASP_Platform/lrgasp_event2_metrics/sqanti3_lrgasp.challenge1.py:122: DeprecationWarning: Use shutil.which instead of find_executable
  RSCRIPTPATH = distutils.spawn.find_executable('Rscript')
Rscript (R) version 4.5.1 (2025-06-13)
WARNING: Skipping ORF prediction. All isoforms will be non-coding!
WARNING: All input isoforms were predicted as non-coding
CHALLENGE 1 BEGINT SLETJESSS
Utilites: /home/julen/longbench/LongTREC_LRGASP_Platform/lrgasp_event2_metrics/utilities_ch1
dataset 2: False
WARNING: Experiment JSON wasn't provided. A fake one will be used (you can find it in utilities/experiment_dummy.json. This won't have an effect on the evaluation, but you will find the made-up attributes in your report titles.
WARNING: Entry JSON wasn't provided. A fake one will be used (you can find it in utilities/entry_dummy.json. This won't have an effect on the evaluation, but you will find the made-up attributes in your report titles.
INPUT args.genome: LRGASP_DATA
Organism c1 script: mouse
USED args.genome: /home/julen/longbench/LongTREC_LRGASP_Platform/LONGTrec_LRGASP_Platform/lrgasp_grcm39_sirvs.fasta
INPUT args.isoforms: sqanti_results/26/results_file1/gencode.vM38.annotation.gtf
USED args.isoforms: /home/julen/longbench/LongTREC_LRGASP_Platform/sqanti_results/26/results_file1/gencode.vM38.annotation.gtf
INPUT args.annotation: LRGASP_DATA
USED args.annotation: ../../../LONGTrec_LRGASP_Platform/lrgasp_gencode_vM28_sirvs.mouse.gtf
INPUT args.coverage: default
USED args.coverage: /home/julen/longbench/LongTREC_LRGASP_Platform/uploads/coverage_files/NA
INPUT args.cage_peak: LRGASP_DATA
There is no CAGE data available for mouse in synapse?
USED args.cage_peak: None
INPUT args.polyA_peak: LRGASP_DATA
USED args.polyA_peak: ../../../LONGTrec_LRGASP_Platform/QuantSeq_ES.all_reps.bed
INPUT args.polyA_motif_list: LRGASP_DATA
Used args.polyA_motif_list: ../../../LONGTrec_LRGASP_Platform/polyA.list.txt
INPUT args.genome2: NA
USED args.genome2: NA
INPUT args.isoforms2: NA
USED args.isoforms2: NA
INPUT args.annotation2: NA
USED args.annotation2: NA
INPUT args.coverage2: NA
USED args.coverage: None
INPUT args.cage_peak2: LRGASP_DATA
There is no CAGE data available for mouse in synapse?
USED args.cage_peak2: None
INPUT args.polyA_peak2: LRGASP_DATA
USED args.polyA_peak2: ../../../LONGTrec_LRGASP_Platform/QuantSeq_ES.all_reps.bed
INPUT args.polyA_motif_list2: LRGASP_DATA
Used args.polyA_motif_list2: ../../../LONGTrec_LRGASP_Platform/polyA.list.txt
Write arguments to /home/julen/longbench/LongTREC_LRGASP_Platform/sqanti_results/26/results_file1/lrgasp_platform_challenge_1.params.txt...
**** Running SQANTI3...
STARTING CYCLE 1/1
**** Parsing provided files....
Reading genome fasta /home/julen/longbench/LongTREC_LRGASP_Platform/LONGTrec_LRGASP_Platform/lrgasp_grcm39_sirvs.fasta....
Skipping aligning of sequences because GTF file was provided.

Indels will be not calculated since you ran SQANTI3 without alignment step (SQANTI3 with gtf format as transcriptome input).
**** Predicting ORF sequences...
**** Parsing Reference Transcriptome....
Traceback (most recent call last):
  File "/home/julen/longbench/LongTREC_LRGASP_Platform/lrgasp_event2_metrics/sqanti3_lrgasp.challenge1.py", line 2698, in <module>
    main()
  File "/home/julen/longbench/LongTREC_LRGASP_Platform/lrgasp_event2_metrics/sqanti3_lrgasp.challenge1.py", line 2682, in main
    run(args)
  File "/home/julen/longbench/LongTREC_LRGASP_Platform/lrgasp_event2_metrics/sqanti3_lrgasp.challenge1.py", line 1816, in run
    refs_1exon_by_chr, refs_exons_by_chr, junctions_by_chr, junctions_by_gene, start_ends_by_gene = reference_parser(
  File "/home/julen/longbench/LongTREC_LRGASP_Platform/lrgasp_event2_metrics/sqanti3_lrgasp.challenge1.py", line 649, in reference_parser
    subprocess.call([GTF2GENEPRED_PROG, args.annotation, referenceFiles, '-genePredExt', '-allErrors', '-ignoreGroupsWithoutExons'])
  File "/home/julen/anaconda3/envs/longbench/lib/python3.10/subprocess.py", line 345, in call
    with Popen(*popenargs, **kwargs) as p:
  File "/home/julen/anaconda3/envs/longbench/lib/python3.10/subprocess.py", line 971, in __init__
    self._execute_child(args, executable, preexec_fn, close_fds,
  File "/home/julen/anaconda3/envs/longbench/lib/python3.10/subprocess.py", line 1863, in _execute_child
    raise child_exception_type(errno_num, err_msg, err_filename)
OSError: [Errno 8] Exec format error: '/home/julen/longbench/LongTREC_LRGASP_Platform/lrgasp_event2_metrics/utilities_ch1/gtfToGenePred'

==================================================
Script finished with return code: 1

==================================================
=== ERROR ===
Error in job 26: Script exited with code 1
==================================================
