=== Challenge 1 Analysis Started ===
Job ID: 33
Results Directory: sqanti_results/33
Started at: 2025-10-31T16:23:07.917865
Organism: mouse
Platform: PacBio
Tool: t
Library Preparation: cDNA
Data Category: NA
Dataset 2: False
==================================================

Executing command:
python lrgasp_event2_metrics/sqanti3_lrgasp.challenge1.py 33 mouse sqanti_results/33/results_file1/subset_2000.gtf LRGASP_DATA LRGASP_DATA LRGASP_DATA LRGASP_DATA LRGASP_DATA LRGASP_DATA NA PacBio cDNA t NA NA NA NA NA NA NA NA NA NA NA NA NA NA NA NA NA LRGASP_DATA LRGASP_DATA LRGASP_DATA LRGASP_DATA LRGASP_DATA NA NA PacBio cDNA NA NA NA NA --gtf

==================================================
Script Output:
==================================================

/home/julen/longbench/LongTREC_LRGASP_Platform/lrgasp_event2_metrics/sqanti3_lrgasp.challenge1.py:87: DeprecationWarning: Use shutil.which instead of find_executable
  if distutils.spawn.find_executable(GTF2GENEPRED_PROG) is None:
/home/julen/longbench/LongTREC_LRGASP_Platform/lrgasp_event2_metrics/sqanti3_lrgasp.challenge1.py:90: DeprecationWarning: Use shutil.which instead of find_executable
  if distutils.spawn.find_executable(GFFREAD_PROG) is None:
/home/julen/longbench/LongTREC_LRGASP_Platform/lrgasp_event2_metrics/sqanti3_lrgasp.challenge1.py:122: DeprecationWarning: Use shutil.which instead of find_executable
  RSCRIPTPATH = distutils.spawn.find_executable('Rscript')
Rscript (R) version 4.5.1 (2025-06-13)
WARNING: Skipping ORF prediction. All isoforms will be non-coding!
WARNING: All input isoforms were predicted as non-coding
**** Parsing Isoforms....
Input pattern: ../../../LONGTrec_LRGASP_Platform/gold_std_ES.
The following files found and to be read as junctions:
../../../LONGTrec_LRGASP_Platform/gold_std_ES/es_rep2SJ.out.tab
../../../LONGTrec_LRGASP_Platform/gold_std_ES/es_rep1SJ.out.tab
../../../LONGTrec_LRGASP_Platform/gold_std_ES/es_rep3SJ.out.tab
694670 junctions read. 2820 junctions added to both strands because no strand information from STAR.
**** RT-switching computation....
Full-length read abundance files not provided.
Isoforms expression files not provided.
**** Writing output files....
**** Generating SQANTI3 report....
 [1] "/home/julen/longbench/LongTREC_LRGASP_Platform/sqanti_results/33/results_file1/lrgasp_platform_challenge_1_classification.txt"
 [2] "/home/julen/longbench/LongTREC_LRGASP_Platform/sqanti_results/33/results_file1/lrgasp_platform_challenge_1_junctions.txt"
 [3] "/home/julen/longbench/LongTREC_LRGASP_Platform/lrgasp_event2_metrics/utilities_ch1"
 [4] "/home/julen/longbench/LongTREC_LRGASP_Platform/sqanti_results/33/results_file1/lrgasp_platform_challenge_1_Rdata"
 [5] "mouse"
 [6] "tyour_tool"
 [7] "PacBio"
 [8] "cDNA"
 [9] "NA"
[10] "NA"
[11] "NA"
[12] "NA"
[13] "NA"
[14] "NA"
[15] "PacBio"
[16] "cDNA"
[17] "NA"
[18] "NA"
[19] "NA"
[20] "NA"
[21] "False"
[22] "NA"
[23] "NA"
[24] "NA"
[25] "NA"
[26] "NA"
[27] "NA"
[28] "NA"
[29] "NA"
[30] "NA"
[31] "NA"
[32] "NA"
[33] "NA"
── Attaching core tidyverse packages ──────────────────────── tidyverse 2.0.0 ──
✔ dplyr     1.1.4     ✔ readr     2.1.5
✔ forcats   1.0.1     ✔ stringr   1.5.2
✔ lubridate 1.9.4     ✔ tibble    3.3.0
✔ purrr     1.1.0     ✔ tidyr     1.3.1
── Conflicts ────────────────────────────────────────── tidyverse_conflicts() ──
✖ dplyr::between()     masks data.table::between()
✖ readr::col_factor()  masks scales::col_factor()
✖ purrr::discard()     masks scales::discard()
✖ dplyr::filter()      masks stats::filter()
✖ dplyr::first()       masks data.table::first()
✖ lubridate::hour()    masks data.table::hour()
✖ lubridate::isoweek() masks data.table::isoweek()
✖ dplyr::lag()         masks stats::lag()
✖ dplyr::last()        masks data.table::last()
✖ lubridate::mday()    masks data.table::mday()
✖ lubridate::minute()  masks data.table::minute()
✖ lubridate::month()   masks data.table::month()
✖ lubridate::quarter() masks data.table::quarter()
✖ lubridate::second()  masks data.table::second()
✖ purrr::transpose()   masks data.table::transpose()
✖ lubridate::wday()    masks data.table::wday()
✖ lubridate::week()    masks data.table::week()
✖ lubridate::yday()    masks data.table::yday()
✖ lubridate::year()    masks data.table::year()
ℹ Use the conflicted package (<http://conflicted.r-lib.org/>) to force all conflicts to become errors
Evaluation script has being run.
Data used for  t  pipeline are
 /home/julen/longbench/LongTREC_LRGASP_Platform/sqanti_results/33/results_file1/lrgasp_platform_challenge_1_classification.txt
 /home/julen/longbench/LongTREC_LRGASP_Platform/sqanti_results/33/results_file1/lrgasp_platform_challenge_1_junctions.txt
[1] "FSM evaluation"
[1] "ISM evaluation"
[1] "ISM 5' fragment evaluation"
[1] "ISM 3' fragment evaluation"
[1] "ISM internal fragment evaluation"
[1] "ISM IR evaluation"
[1] "ISM IR evaluation"
[1] "NIC evaluation"
[1] "NNC evaluation"
[1] "SIRVs evaluation"
[1] "Spliced SIRVs evaluation (short SIRVs)"
[1] "Unspliced SIRVs evaluation (long SIRVs)"
Error en LRGASP_calculations(NAME = name, out.dir = rdata, class.file = class.file, :
  los argumentos no fueron usados (sirv_file = sirv_file, ercc_file = ercc_file, sequin_file = sequin_file)
Ejecución interrumpida
CHALLENGE 1 BEGINT SLETJESSS
Utilites: /home/julen/longbench/LongTREC_LRGASP_Platform/lrgasp_event2_metrics/utilities_ch1
dataset 2: False
WARNING: Experiment JSON wasn't provided. A fake one will be used (you can find it in utilities/experiment_dummy.json. This won't have an effect on the evaluation, but you will find the made-up attributes in your report titles.
WARNING: Entry JSON wasn't provided. A fake one will be used (you can find it in utilities/entry_dummy.json. This won't have an effect on the evaluation, but you will find the made-up attributes in your report titles.
INPUT args.genome: LRGASP_DATA
Organism c1 script: mouse
USED args.genome: /home/julen/longbench/LongTREC_LRGASP_Platform/LONGTrec_LRGASP_Platform/lrgasp_grcm39_sirvs.fasta
INPUT args.isoforms: sqanti_results/33/results_file1/subset_2000.gtf
USED args.isoforms: /home/julen/longbench/LongTREC_LRGASP_Platform/sqanti_results/33/results_file1/subset_2000.gtf
INPUT args.annotation: LRGASP_DATA
USED args.annotation: ../../../LONGTrec_LRGASP_Platform/lrgasp_gencode_vM28_sirvs.mouse.gtf
INPUT args.coverage: LRGASP_DATA
USED args.coverage: ../../../LONGTrec_LRGASP_Platform/gold_std_ES
INPUT args.cage_peak: LRGASP_DATA
There is no CAGE data available for mouse in synapse?
USED args.cage_peak: None
INPUT args.polyA_peak: LRGASP_DATA
USED args.polyA_peak: ../../../LONGTrec_LRGASP_Platform/QuantSeq_ES.all_reps.bed
INPUT args.polyA_motif_list: NA
Used args.polyA_motif_list: None
INPUT args.genome2: LRGASP_DATA
USED args.genome2: ../../../LONGTrec_LRGASP_Platform/lrgasp_grcm39_sirvs.fasta
INPUT args.isoforms2: NA
USED args.isoforms2: NA
INPUT args.annotation2: LRGASP_DATA
USED args.annotation2: ../../../LONGTrec_LRGASP_Platform/lrgasp_gencode_vM28_sirvs.mouse.gtf
INPUT args.coverage2: LRGASP_DATA
USED args.coverage: ../../../LONGTrec_LRGASP_Platform/gold_std_ES
INPUT args.cage_peak2: LRGASP_DATA
There is no CAGE data available for mouse in synapse?
USED args.cage_peak2: None
INPUT args.polyA_peak2: NA
USED args.polyA_peak2: NA
INPUT args.polyA_motif_list2: NA
Used args.polyA_motif_list2: None
Write arguments to /home/julen/longbench/LongTREC_LRGASP_Platform/sqanti_results/33/results_file1/lrgasp_platform_challenge_1.params.txt...
**** Running SQANTI3...
STARTING CYCLE 1/1
**** Parsing provided files....
Reading genome fasta /home/julen/longbench/LongTREC_LRGASP_Platform/LONGTrec_LRGASP_Platform/lrgasp_grcm39_sirvs.fasta....
Skipping aligning of sequences because GTF file was provided.

Indels will be not calculated since you ran SQANTI3 without alignment step (SQANTI3 with gtf format as transcriptome input).
**** Predicting ORF sequences...
**** Parsing Reference Transcriptome....
/home/julen/longbench/LongTREC_LRGASP_Platform/lrgasp_event2_metrics/utilities_ch1/gtfToGenePred ../../../LONGTrec_LRGASP_Platform/lrgasp_gencode_vM28_sirvs.mouse.gtf /home/julen/longbench/LongTREC_LRGASP_Platform/sqanti_results/33/results_file1/refAnnotation_lrgasp_platform_challenge_1.genePred -genePredExt -allErrors -ignoreGroupsWithoutExons
Test for passed GTF TO GENEPRED
**** Reading Splice Junctions coverage files.
**** Reading polyA Peak data.
args.polyA_peak: ../../../LONGTrec_LRGASP_Platform/QuantSeq_ES.all_reps.bed
**** Performing Classification of Isoforms....
Number of classified isoforms: 2000
/usr/bin/Rscript /home/julen/longbench/LongTREC_LRGASP_Platform/lrgasp_event2_metrics/utilities_ch1 SQANTI3_Evaluation_run.R
Traceback (most recent call last):
  File "/home/julen/longbench/LongTREC_LRGASP_Platform/lrgasp_event2_metrics/sqanti3_lrgasp.challenge1.py", line 2699, in <module>
    main()
  File "/home/julen/longbench/LongTREC_LRGASP_Platform/lrgasp_event2_metrics/sqanti3_lrgasp.challenge1.py", line 2683, in main
    run(args)
  File "/home/julen/longbench/LongTREC_LRGASP_Platform/lrgasp_event2_metrics/sqanti3_lrgasp.challenge1.py", line 2055, in run
    if subprocess.check_call(cmd, shell=True)!=0:
  File "/home/julen/anaconda3/envs/longbench/lib/python3.10/subprocess.py", line 369, in check_call
    raise CalledProcessError(retcode, cmd)
subprocess.CalledProcessError: Command '/usr/bin/Rscript /home/julen/longbench/LongTREC_LRGASP_Platform/lrgasp_event2_metrics/utilities_ch1/SQANTI3_Evaluation_run.R /home/julen/longbench/LongTREC_LRGASP_Platform/sqanti_results/33/results_file1/lrgasp_platform_challenge_1_classification.txt /home/julen/longbench/LongTREC_LRGASP_Platform/sqanti_results/33/results_file1/lrgasp_platform_challenge_1_junctions.txt /home/julen/longbench/LongTREC_LRGASP_Platform/lrgasp_event2_metrics/utilities_ch1 /home/julen/longbench/LongTREC_LRGASP_Platform/sqanti_results/33/results_file1/lrgasp_platform_challenge_1_Rdata mouse tyour_tool PacBio cDNA NA NA NA NA NA NA PacBio cDNA NA NA NA NA False NA NA NA NA NA NA NA NA NA NA NA NA' returned non-zero exit status 1.

==================================================
Script finished with return code: 1

==================================================
=== ERROR ===
Error in job 33: Script exited with code 1
==================================================
